// Jest Snapshot v1, https://goo.gl/fbAQLP

exports[`InteractionFeedback Shows InteractionFeedback with default props 1`] = `
.c0 {
  position: relative;
}

.c1 {
  pointer-events: none;
  position: absolute;
  top: 0;
  left: 0;
}

<div>
  <div
    class="c0"
    data-test-id="foundry-interaction-feedback"
  >
    <div>
      test
    </div>
    <svg
      class="c1"
      height="0px"
      viewBox="0 0 0 0"
      width="0px"
    >
      <circle
        cx="NaN%"
        cy="NaN%"
        fill="#DA4200"
        opacity="0.5"
        r="0"
      />
    </svg>
  </div>
</div>
`;
