// Jest Snapshot v1, https://goo.gl/fbAQLP

exports[`RangeSlider renders 1`] = `
.c0 {
  width: -webkit-fit-content;
  width: -moz-fit-content;
  width: fit-content;
  position: relative;
  font-family: Arial,Roboto,sans-serif;
  -webkit-user-select: none;
  -moz-user-select: none;
  -ms-user-select: none;
  user-select: none;
  -webkit-transition: filter .1s;
  transition: filter .1s;
}

.c4 {
  position: relative;
  display: -webkit-box;
  display: -webkit-flex;
  display: -ms-flexbox;
  display: flex;
  width: 100%;
  -webkit-box-pack: justify;
  -webkit-justify-content: space-between;
  -ms-flex-pack: justify;
  justify-content: space-between;
  -webkit-align-items: stretch;
  -webkit-box-align: stretch;
  -ms-flex-align: stretch;
  align-items: stretch;
  -webkit-flex-direction: row;
  -ms-flex-direction: row;
  flex-direction: row;
  gap: 1rem;
}

.c1 {
  position: absolute;
  top: 50%;
  -webkit-transform: translateY(-50%);
  -ms-transform: translateY(-50%);
  transform: translateY(-50%);
  width: 100%;
  height: 0.25rem;
  overflow: hidden;
  border-radius: 0.125rem;
  background-color: #D5D5D5;
}

.c2 {
  position: absolute;
  top: 50%;
  -webkit-transform: translateY(-50%);
  -ms-transform: translateY(-50%);
  transform: translateY(-50%);
  width: 100%;
  height: 0.25rem;
  overflow: hidden;
  border-radius: 0.125rem;
  background-color: #BF3A00;
}

.c3 {
  left: 0;
  width: -100%;
  -webkit-transition: width .3s;
  transition: width .3s;
  background-color: #BF3A00;
}

<div>
  <div
    class=" c0"
    data-test-id="hs-ui-step-progress-unit-test"
  >
    <div
      class=" c1"
      color="#D5D5D5"
    />
    <div
      class=" c2 c3"
      color="#BF3A00"
      max="0"
    />
    <div
      class=" c4"
    />
  </div>
</div>
`;

exports[`RangeSlider renders 2`] = `
.c0 {
  width: -webkit-fit-content;
  width: -moz-fit-content;
  width: fit-content;
  position: relative;
  font-family: Arial,Roboto,sans-serif;
  -webkit-user-select: none;
  -moz-user-select: none;
  -ms-user-select: none;
  user-select: none;
  -webkit-transition: filter .1s;
  transition: filter .1s;
}

.c4 {
  position: relative;
  display: -webkit-box;
  display: -webkit-flex;
  display: -ms-flexbox;
  display: flex;
  width: 100%;
  -webkit-box-pack: justify;
  -webkit-justify-content: space-between;
  -ms-flex-pack: justify;
  justify-content: space-between;
  -webkit-align-items: stretch;
  -webkit-box-align: stretch;
  -ms-flex-align: stretch;
  align-items: stretch;
  -webkit-flex-direction: row;
  -ms-flex-direction: row;
  flex-direction: row;
  gap: 1rem;
}

.c1 {
  position: absolute;
  top: 50%;
  -webkit-transform: translateY(-50%);
  -ms-transform: translateY(-50%);
  transform: translateY(-50%);
  width: 100%;
  height: 0.25rem;
  overflow: hidden;
  border-radius: 0.125rem;
  background-color: #D5D5D5;
}

.c2 {
  position: absolute;
  top: 50%;
  -webkit-transform: translateY(-50%);
  -ms-transform: translateY(-50%);
  transform: translateY(-50%);
  width: 100%;
  height: 0.25rem;
  overflow: hidden;
  border-radius: 0.125rem;
  background-color: #BF3A00;
}

.c3 {
  left: 0;
  width: -100%;
  -webkit-transition: width .3s;
  transition: width .3s;
  background-color: #BF3A00;
}

<div>
  <div
    class=" c0"
    data-test-id="hs-ui-step-progress-unit-test"
  >
    <div
      class=" c1"
      color="#D5D5D5"
    />
    <div
      class=" c2 c3"
      color="#BF3A00"
      max="0"
    />
    <div
      class=" c4"
    />
  </div>
</div>
`;
